// Jest Snapshot v1, https://goo.gl/fbAQLP

exports[`TopBar should render properly 1`] = `
<styled.header>
  <Link
    to="/"
  >
    <styled.img
      alt="Logo"
      src="test-file-stub"
    />
  </Link>
  <span>
    Super Marvel Teams
  </span>
  <styled.div>
    <input
      onChange={[Function]}
      value=""
    />
    <Link
      to="/search/"
    >
      <button>
        search hero
      </button>
    </Link>
  </styled.div>
</styled.header>
`;
